2025-05-01T01:02:28.004+05:30  INFO 18996 --- [demo] [main] c.d.demo.NetworkOptimizationApplication  : Starting NetworkOptimizationApplication using Java 17.0.10 with PID 18996 (C:\Users\AT092729\Downloads\demo\demo\target\classes started by athakur in C:\Users\AT092729\Downloads\demo\demo)
2025-05-01T01:02:28.013+05:30  INFO 18996 --- [demo] [main] c.d.demo.NetworkOptimizationApplication  : No active profile set, falling back to 1 default profile: "default"
2025-05-01T01:02:28.591+05:30  INFO 18996 --- [demo] [main] .s.d.r.c.RepositoryConfigurationDelegate : Bootstrapping Spring Data JPA repositories in DEFAULT mode.
2025-05-01T01:02:28.649+05:30  INFO 18996 --- [demo] [main] .s.d.r.c.RepositoryConfigurationDelegate : Finished Spring Data repository scanning in 46 ms. Found 1 JPA repository interface.
2025-05-01T01:02:29.189+05:30  INFO 18996 --- [demo] [main] o.s.b.w.embedded.tomcat.TomcatWebServer  : Tomcat initialized with port 8080 (http)
2025-05-01T01:02:29.203+05:30  INFO 18996 --- [demo] [main] o.apache.catalina.core.StandardService   : Starting service [Tomcat]
2025-05-01T01:02:29.204+05:30  INFO 18996 --- [demo] [main] o.apache.catalina.core.StandardEngine    : Starting Servlet engine: [Apache Tomcat/10.1.31]
2025-05-01T01:02:29.286+05:30  INFO 18996 --- [demo] [main] o.a.c.c.C.[Tomcat].[localhost].[/]       : Initializing Spring embedded WebApplicationContext
2025-05-01T01:02:29.287+05:30  INFO 18996 --- [demo] [main] w.s.c.ServletWebServerApplicationContext : Root WebApplicationContext: initialization completed in 1220 ms
2025-05-01T01:02:29.323+05:30  INFO 18996 --- [demo] [main] com.zaxxer.hikari.HikariDataSource       : HikariPool-1 - Starting...
2025-05-01T01:02:29.499+05:30  INFO 18996 --- [demo] [main] com.zaxxer.hikari.pool.HikariPool        : HikariPool-1 - Added connection conn0: url=jdbc:h2:file:./data/testdb user=SA
2025-05-01T01:02:29.504+05:30  INFO 18996 --- [demo] [main] com.zaxxer.hikari.HikariDataSource       : HikariPool-1 - Start completed.
2025-05-01T01:02:29.515+05:30  INFO 18996 --- [demo] [main] o.s.b.a.h2.H2ConsoleAutoConfiguration    : H2 console available at '/h2-console'. Database available at 'jdbc:h2:file:./data/testdb'
2025-05-01T01:02:29.644+05:30  INFO 18996 --- [demo] [main] o.hibernate.jpa.internal.util.LogHelper  : HHH000204: Processing PersistenceUnitInfo [name: default]
2025-05-01T01:02:29.709+05:30  INFO 18996 --- [demo] [main] org.hibernate.Version                    : HHH000412: Hibernate ORM core version 6.5.3.Final
2025-05-01T01:02:29.739+05:30  INFO 18996 --- [demo] [main] o.h.c.internal.RegionFactoryInitiator    : HHH000026: Second-level cache disabled
2025-05-01T01:02:30.011+05:30  INFO 18996 --- [demo] [main] o.s.o.j.p.SpringPersistenceUnitInfo      : No LoadTimeWeaver setup: ignoring JPA class transformer
2025-05-01T01:02:30.059+05:30  WARN 18996 --- [demo] [main] org.hibernate.orm.deprecation            : HHH90000025: H2Dialect does not need to be specified explicitly using 'hibernate.dialect' (remove the property setting and it will be selected by default)
2025-05-01T01:02:30.699+05:30  INFO 18996 --- [demo] [main] o.h.e.t.j.p.i.JtaPlatformInitiator       : HHH000489: No JTA platform available (set 'hibernate.transaction.jta.platform' to enable JTA platform integration)
2025-05-01T01:02:30.702+05:30  INFO 18996 --- [demo] [main] j.LocalContainerEntityManagerFactoryBean : Initialized JPA EntityManagerFactory for persistence unit 'default'
2025-05-01T01:02:31.042+05:30  WARN 18996 --- [demo] [main] JpaBaseConfiguration$JpaWebConfiguration : spring.jpa.open-in-view is enabled by default. Therefore, database queries may be performed during view rendering. Explicitly configure spring.jpa.open-in-view to disable this warning
2025-05-01T01:02:31.461+05:30  INFO 18996 --- [demo] [main] o.s.b.w.embedded.tomcat.TomcatWebServer  : Tomcat started on port 8080 (http) with context path '/'
2025-05-01T01:02:31.474+05:30  INFO 18996 --- [demo] [main] c.d.demo.NetworkOptimizationApplication  : Started NetworkOptimizationApplication in 3.864 seconds (process running for 4.34)
2025-05-01T01:02:39.912+05:30  INFO 18996 --- [demo] [http-nio-8080-exec-1] o.a.c.c.C.[Tomcat].[localhost].[/]       : Initializing Spring DispatcherServlet 'dispatcherServlet'
2025-05-01T01:02:39.914+05:30  INFO 18996 --- [demo] [http-nio-8080-exec-1] o.s.web.servlet.DispatcherServlet        : Initializing Servlet 'dispatcherServlet'
2025-05-01T01:02:39.917+05:30  INFO 18996 --- [demo] [http-nio-8080-exec-1] o.s.web.servlet.DispatcherServlet        : Completed initialization in 3 ms
2025-05-01T01:02:40.098+05:30  WARN 18996 --- [demo] [http-nio-8080-exec-1] o.a.c.util.SessionIdGeneratorBase        : Creation of SecureRandom instance for session ID generation using [SHA1PRNG] took [105] milliseconds.
2025-05-01T01:02:55.236+05:30  INFO 18996 --- [demo] [http-nio-8080-exec-5] com.dissertation.demo.AdminService       : Network Metrics - Load: 0%, Latency: 0 ms, Throughput: 0.0 KB/s
2025-05-01T01:03:52.438+05:30  INFO 18996 --- [demo] [http-nio-8080-exec-7] com.dissertation.demo.UserUIController   : User ID: 161 - Data Received: {name=Arya user3 user3, email=user3@gmail.com, phone=9987676000, address=47 W 13th St, New York, NY 10011, USA, dob=2024-04-08}
2025-05-01T01:03:52.473+05:30  INFO 18996 --- [demo] [http-nio-8080-exec-7] com.dissertation.demo.UserDataService    : Transmitted Data: {address=123 Elmwood Crescent 2 Avenue, Apartment 21B, East Williamsburg, Brooklyn, New York, NY 11206, United States of America, phone=9987676000, dob=2024-04-08, name=Arya user3 user3, email=user3@gmail.com}
2025-05-01T01:03:52.473+05:30  INFO 18996 --- [demo] [http-nio-8080-exec-7] com.dissertation.demo.UserDataService    : DEBUG: Updated changed field count for 161: 5
2025-05-01T01:03:52.474+05:30  INFO 18996 --- [demo] [http-nio-8080-exec-7] com.dissertation.demo.UserDataService    : User ID: 161
2025-05-01T01:03:52.474+05:30  INFO 18996 --- [demo] [http-nio-8080-exec-7] com.dissertation.demo.UserDataService    : Previous Data: {}
2025-05-01T01:03:52.474+05:30  INFO 18996 --- [demo] [http-nio-8080-exec-7] com.dissertation.demo.UserDataService    : New Data Submitted: {address=123 Elmwood Crescent 2 Avenue, Apartment 21B, East Williamsburg, Brooklyn, New York, NY 11206, United States of America, phone=9987676000, dob=2024-04-08, name=Arya user3 user3, email=user3@gmail.com}
2025-05-01T01:03:52.474+05:30  INFO 18996 --- [demo] [http-nio-8080-exec-7] com.dissertation.demo.UserDataService    : Changed Fields: {address=123 Elmwood Crescent 2 Avenue, Apartment 21B, East Williamsburg, Brooklyn, New York, NY 11206, United States of America, phone=9987676000, dob=2024-04-08, name=Arya user3 user3, email=user3@gmail.com}
2025-05-01T01:03:52.474+05:30  INFO 18996 --- [demo] [http-nio-8080-exec-7] com.dissertation.demo.UserDataService    : Total transmitted data size in KB ::170
2025-05-01T01:03:52.474+05:30  INFO 18996 --- [demo] [http-nio-8080-exec-7] com.dissertation.demo.UserDataService    : Transmitted Data: Only the modified fields --> {address=123 Elmwood Crescent 2 Avenue, Apartment 21B, East Williamsburg, Brooklyn, New York, NY 11206, United States of America, phone=9987676000, dob=2024-04-08, name=Arya user3 user3, email=user3@gmail.com}
2025-05-01T01:03:52.475+05:30  INFO 18996 --- [demo] [http-nio-8080-exec-7] com.dissertation.demo.UserDataService    : Modified Fields for 161: address, phone, dob, name, email
2025-05-01T01:03:52.475+05:30  INFO 18996 --- [demo] [http-nio-8080-exec-7] com.dissertation.demo.UserDataService    : Bandwidth Saved: 0 bytes (compared to full form submission)
2025-05-01T01:03:52.476+05:30  INFO 18996 --- [demo] [http-nio-8080-exec-7] c.d.d.DataModificationDetectionService   : Last Submitted hash value: e1552ab824bd9f895019624739630894089944c3146259fc5ede2d434bbdb53a
2025-05-01T01:03:52.477+05:30  INFO 18996 --- [demo] [http-nio-8080-exec-7] c.d.d.DataModificationDetectionService   : New hash value: e1552ab824bd9f895019624739630894089944c3146259fc5ede2d434bbdb53a
2025-05-01T01:03:52.477+05:30  INFO 18996 --- [demo] [http-nio-8080-exec-7] c.d.d.DataModificationDetectionService   : Last Submitted Data: Arya user3 user3
2025-05-01T01:03:52.477+05:30  INFO 18996 --- [demo] [http-nio-8080-exec-7] c.d.d.DataModificationDetectionService   : Checking field 'name': old='Arya user3 user3', new='Arya user3 user3'
2025-05-01T01:03:52.480+05:30  INFO 18996 --- [demo] [http-nio-8080-exec-7] c.d.d.DataModificationDetectionService   : Last Submitted hash value: 13272ebc99822fe837bbaf0d5a0be884de418312d2c250470c247b60eb3a88f5
2025-05-01T01:03:52.481+05:30  INFO 18996 --- [demo] [http-nio-8080-exec-7] c.d.d.DataModificationDetectionService   : New hash value: 13272ebc99822fe837bbaf0d5a0be884de418312d2c250470c247b60eb3a88f5
2025-05-01T01:03:52.482+05:30  INFO 18996 --- [demo] [http-nio-8080-exec-7] c.d.d.DataModificationDetectionService   : Last Submitted Data: user3@gmail.com
2025-05-01T01:03:52.482+05:30  INFO 18996 --- [demo] [http-nio-8080-exec-7] c.d.d.DataModificationDetectionService   : Checking field 'email': old='user3@gmail.com', new='user3@gmail.com'
2025-05-01T01:03:52.484+05:30  INFO 18996 --- [demo] [http-nio-8080-exec-7] c.d.d.DataModificationDetectionService   : Last Submitted hash value: 273e9c147a72c4ff1cbc3e73f966252824ef63cff8833aca549d622f81174c07
2025-05-01T01:03:52.484+05:30  INFO 18996 --- [demo] [http-nio-8080-exec-7] c.d.d.DataModificationDetectionService   : New hash value: 273e9c147a72c4ff1cbc3e73f966252824ef63cff8833aca549d622f81174c07
2025-05-01T01:03:52.484+05:30  INFO 18996 --- [demo] [http-nio-8080-exec-7] c.d.d.DataModificationDetectionService   : Last Submitted Data: 9987676000
2025-05-01T01:03:52.484+05:30  INFO 18996 --- [demo] [http-nio-8080-exec-7] c.d.d.DataModificationDetectionService   : Checking field 'phone': old='9987676000', new='9987676000'
2025-05-01T01:03:52.486+05:30  INFO 18996 --- [demo] [http-nio-8080-exec-7] c.d.d.DataModificationDetectionService   : Last Submitted hash value: 5ffbb369050b649d299f9835865a6218daebfa0fbacb896c10c667720835513c
2025-05-01T01:03:52.487+05:30  INFO 18996 --- [demo] [http-nio-8080-exec-7] c.d.d.DataModificationDetectionService   : New hash value: 5965ff57a6208d403e7702efc0f26f0d03a0cc13d9b1f00e1a93a6b5536cb15d
2025-05-01T01:03:52.487+05:30  INFO 18996 --- [demo] [http-nio-8080-exec-7] c.d.d.DataModificationDetectionService   : Last Submitted Data: 123 Elmwood Crescent 2 Avenue, Apartment 21B, East Williamsburg, Brooklyn, New York, NY 11206, United States of America
2025-05-01T01:03:52.487+05:30  INFO 18996 --- [demo] [http-nio-8080-exec-7] c.d.d.DataModificationDetectionService   : Checking field 'address': old='123 Elmwood Crescent 2 Avenue, Apartment 21B, East Williamsburg, Brooklyn, New York, NY 11206, United States of America', new='47 W 13th St, New York, NY 10011, USA'
2025-05-01T01:03:52.489+05:30  INFO 18996 --- [demo] [http-nio-8080-exec-7] c.d.d.DataModificationDetectionService   : Last Submitted hash value: 6f2124320de2c05a0bcde621c76d8eaf4ab7c8d377024ff4a93437c967d2af75
2025-05-01T01:03:52.490+05:30  INFO 18996 --- [demo] [http-nio-8080-exec-7] c.d.d.DataModificationDetectionService   : New hash value: 6f2124320de2c05a0bcde621c76d8eaf4ab7c8d377024ff4a93437c967d2af75
2025-05-01T01:03:52.491+05:30  INFO 18996 --- [demo] [http-nio-8080-exec-7] c.d.d.DataModificationDetectionService   : Last Submitted Data: 2024-04-08
2025-05-01T01:03:52.491+05:30  INFO 18996 --- [demo] [http-nio-8080-exec-7] c.d.d.DataModificationDetectionService   : Checking field 'dob': old='2024-04-08', new='2024-04-08'
2025-05-01T01:03:52.493+05:30  INFO 18996 --- [demo] [http-nio-8080-exec-7] c.d.demo.DataTransmissionService         : Transmitting data: User ID: 161 -> {address=47 W 13th St, New York, NY 10011, USA}
2025-05-01T01:03:52.998+05:30  INFO 18996 --- [demo] [http-nio-8080-exec-7] c.d.demo.DataTransmissionService         : Data transmitted successfully: User ID: 161 -> {address=47 W 13th St, New York, NY 10011, USA}
2025-05-01T01:03:52.998+05:30  INFO 18996 --- [demo] [http-nio-8080-exec-7] com.dissertation.demo.UserDataService    : Transmitted Data: {address=47 W 13th St, New York, NY 10011, USA}
2025-05-01T01:03:52.998+05:30  INFO 18996 --- [demo] [http-nio-8080-exec-7] com.dissertation.demo.UserDataService    : DEBUG: Updated changed field count for 161: 1
2025-05-01T01:03:52.999+05:30  INFO 18996 --- [demo] [http-nio-8080-exec-7] com.dissertation.demo.UserDataService    : User ID: 161
2025-05-01T01:03:52.999+05:30  INFO 18996 --- [demo] [http-nio-8080-exec-7] com.dissertation.demo.UserDataService    : Previous Data: {name=Arya user3 user3, address=123 Elmwood Crescent 2 Avenue, Apartment 21B, East Williamsburg, Brooklyn, New York, NY 11206, United States of America, phone=9987676000, dob=2024-04-08, email=user3@gmail.com}
2025-05-01T01:03:52.999+05:30  INFO 18996 --- [demo] [http-nio-8080-exec-7] com.dissertation.demo.UserDataService    : New Data Submitted: {name=Arya user3 user3, email=user3@gmail.com, phone=9987676000, address=47 W 13th St, New York, NY 10011, USA, dob=2024-04-08}
2025-05-01T01:03:52.999+05:30  INFO 18996 --- [demo] [http-nio-8080-exec-7] com.dissertation.demo.UserDataService    : Changed Fields: {address=47 W 13th St, New York, NY 10011, USA}
2025-05-01T01:03:52.999+05:30  INFO 18996 --- [demo] [http-nio-8080-exec-7] com.dissertation.demo.UserDataService    : Total transmitted data size in KB ::37
2025-05-01T01:03:53.000+05:30  INFO 18996 --- [demo] [http-nio-8080-exec-7] com.dissertation.demo.UserDataService    : Transmitted Data: Only the modified fields --> {address=47 W 13th St, New York, NY 10011, USA}
2025-05-01T01:03:53.000+05:30  INFO 18996 --- [demo] [http-nio-8080-exec-7] com.dissertation.demo.UserDataService    : Modified Fields for 161: address
2025-05-01T01:03:53.000+05:30  INFO 18996 --- [demo] [http-nio-8080-exec-7] com.dissertation.demo.UserDataService    : Bandwidth Saved: 221 bytes (compared to full form submission)
2025-05-01T01:03:56.076+05:30  INFO 18996 --- [demo] [http-nio-8080-exec-8] com.dissertation.demo.AdminService       : Network Metrics - Load: 37%, Latency: 2 ms, Throughput: 0.01806640625 KB/s
2025-05-01T01:04:02.531+05:30  INFO 18996 --- [demo] [http-nio-8080-exec-9] com.dissertation.demo.UserUIController   : User ID: 161 - Data Received: {name=Arya user3 user3, email=user3@gmail.com, phone=9987676000, address=47 W 13th St, New York, NY 10011, USA, dob=2024-04-08}
2025-05-01T01:04:02.534+05:30  INFO 18996 --- [demo] [http-nio-8080-exec-9] c.d.d.DataModificationDetectionService   : Last Submitted hash value: e1552ab824bd9f895019624739630894089944c3146259fc5ede2d434bbdb53a
2025-05-01T01:04:02.535+05:30  INFO 18996 --- [demo] [http-nio-8080-exec-9] c.d.d.DataModificationDetectionService   : New hash value: e1552ab824bd9f895019624739630894089944c3146259fc5ede2d434bbdb53a
2025-05-01T01:04:02.535+05:30  INFO 18996 --- [demo] [http-nio-8080-exec-9] c.d.d.DataModificationDetectionService   : Last Submitted Data: Arya user3 user3
2025-05-01T01:04:02.535+05:30  INFO 18996 --- [demo] [http-nio-8080-exec-9] c.d.d.DataModificationDetectionService   : Checking field 'name': old='Arya user3 user3', new='Arya user3 user3'
2025-05-01T01:04:02.535+05:30  INFO 18996 --- [demo] [http-nio-8080-exec-9] c.d.d.DataModificationDetectionService   : Last Submitted hash value: 13272ebc99822fe837bbaf0d5a0be884de418312d2c250470c247b60eb3a88f5
2025-05-01T01:04:02.536+05:30  INFO 18996 --- [demo] [http-nio-8080-exec-9] c.d.d.DataModificationDetectionService   : New hash value: 13272ebc99822fe837bbaf0d5a0be884de418312d2c250470c247b60eb3a88f5
2025-05-01T01:04:02.536+05:30  INFO 18996 --- [demo] [http-nio-8080-exec-9] c.d.d.DataModificationDetectionService   : Last Submitted Data: user3@gmail.com
2025-05-01T01:04:02.536+05:30  INFO 18996 --- [demo] [http-nio-8080-exec-9] c.d.d.DataModificationDetectionService   : Checking field 'email': old='user3@gmail.com', new='user3@gmail.com'
2025-05-01T01:04:02.537+05:30  INFO 18996 --- [demo] [http-nio-8080-exec-9] c.d.d.DataModificationDetectionService   : Last Submitted hash value: 273e9c147a72c4ff1cbc3e73f966252824ef63cff8833aca549d622f81174c07
2025-05-01T01:04:02.538+05:30  INFO 18996 --- [demo] [http-nio-8080-exec-9] c.d.d.DataModificationDetectionService   : New hash value: 273e9c147a72c4ff1cbc3e73f966252824ef63cff8833aca549d622f81174c07
2025-05-01T01:04:02.538+05:30  INFO 18996 --- [demo] [http-nio-8080-exec-9] c.d.d.DataModificationDetectionService   : Last Submitted Data: 9987676000
2025-05-01T01:04:02.539+05:30  INFO 18996 --- [demo] [http-nio-8080-exec-9] c.d.d.DataModificationDetectionService   : Checking field 'phone': old='9987676000', new='9987676000'
2025-05-01T01:04:02.540+05:30  INFO 18996 --- [demo] [http-nio-8080-exec-9] c.d.d.DataModificationDetectionService   : Last Submitted hash value: 5965ff57a6208d403e7702efc0f26f0d03a0cc13d9b1f00e1a93a6b5536cb15d
2025-05-01T01:04:02.541+05:30  INFO 18996 --- [demo] [http-nio-8080-exec-9] c.d.d.DataModificationDetectionService   : New hash value: 5965ff57a6208d403e7702efc0f26f0d03a0cc13d9b1f00e1a93a6b5536cb15d
2025-05-01T01:04:02.541+05:30  INFO 18996 --- [demo] [http-nio-8080-exec-9] c.d.d.DataModificationDetectionService   : Last Submitted Data: 47 W 13th St, New York, NY 10011, USA
2025-05-01T01:04:02.541+05:30  INFO 18996 --- [demo] [http-nio-8080-exec-9] c.d.d.DataModificationDetectionService   : Checking field 'address': old='47 W 13th St, New York, NY 10011, USA', new='47 W 13th St, New York, NY 10011, USA'
2025-05-01T01:04:02.542+05:30  INFO 18996 --- [demo] [http-nio-8080-exec-9] c.d.d.DataModificationDetectionService   : Last Submitted hash value: 6f2124320de2c05a0bcde621c76d8eaf4ab7c8d377024ff4a93437c967d2af75
2025-05-01T01:04:02.543+05:30  INFO 18996 --- [demo] [http-nio-8080-exec-9] c.d.d.DataModificationDetectionService   : New hash value: 6f2124320de2c05a0bcde621c76d8eaf4ab7c8d377024ff4a93437c967d2af75
2025-05-01T01:04:02.543+05:30  INFO 18996 --- [demo] [http-nio-8080-exec-9] c.d.d.DataModificationDetectionService   : Last Submitted Data: 2024-04-08
2025-05-01T01:04:02.543+05:30  INFO 18996 --- [demo] [http-nio-8080-exec-9] c.d.d.DataModificationDetectionService   : Checking field 'dob': old='2024-04-08', new='2024-04-08'
2025-05-01T01:04:02.543+05:30  INFO 18996 --- [demo] [http-nio-8080-exec-9] com.dissertation.demo.UserDataService    : Transmitted Data: {}
2025-05-01T01:04:02.543+05:30  INFO 18996 --- [demo] [http-nio-8080-exec-9] com.dissertation.demo.UserDataService    : DEBUG: Updated changed field count for 161: 0
2025-05-01T01:04:02.543+05:30  INFO 18996 --- [demo] [http-nio-8080-exec-9] com.dissertation.demo.UserDataService    : User ID: 161
2025-05-01T01:04:02.543+05:30  INFO 18996 --- [demo] [http-nio-8080-exec-9] com.dissertation.demo.UserDataService    : Previous Data: {name=Arya user3 user3, address=47 W 13th St, New York, NY 10011, USA, phone=9987676000, email=user3@gmail.com, dob=2024-04-08}
2025-05-01T01:04:02.543+05:30  INFO 18996 --- [demo] [http-nio-8080-exec-9] com.dissertation.demo.UserDataService    : New Data Submitted: {name=Arya user3 user3, email=user3@gmail.com, phone=9987676000, address=47 W 13th St, New York, NY 10011, USA, dob=2024-04-08}
2025-05-01T01:04:02.543+05:30  INFO 18996 --- [demo] [http-nio-8080-exec-9] com.dissertation.demo.UserDataService    : Changed Fields: {}
2025-05-01T01:04:02.544+05:30  INFO 18996 --- [demo] [http-nio-8080-exec-9] com.dissertation.demo.UserDataService    : Total transmitted data size in KB ::0
2025-05-01T01:04:02.544+05:30  INFO 18996 --- [demo] [http-nio-8080-exec-9] com.dissertation.demo.UserDataService    : No changes detected. No data transmitted.
2025-05-01T01:04:02.544+05:30  INFO 18996 --- [demo] [http-nio-8080-exec-9] com.dissertation.demo.UserDataService    : Bandwidth Saved: 346 bytes (compared to full form submission)
2025-05-01T01:04:02.544+05:30  INFO 18996 --- [demo] [http-nio-8080-exec-9] com.dissertation.demo.UserUIController   : No changes detected
2025-05-01T01:04:06.322+05:30  INFO 18996 --- [demo] [http-nio-8080-exec-10] com.dissertation.demo.AdminService       : Network Metrics - Load: 0%, Latency: 1 ms, Throughput: 0.0 KB/s
2025-05-01T01:04:24.204+05:30  INFO 18996 --- [demo] [http-nio-8080-exec-1] com.dissertation.demo.UserUIController   : User ID: 161 - Data Received: {name=Arya user3 user3, email=user3@gmail.com, phone=9987676001, address=48 W 13th St, New York, NY 10011, USA, dob=2024-03-04}
2025-05-01T01:04:24.206+05:30  INFO 18996 --- [demo] [http-nio-8080-exec-1] c.d.d.DataModificationDetectionService   : Last Submitted hash value: e1552ab824bd9f895019624739630894089944c3146259fc5ede2d434bbdb53a
2025-05-01T01:04:24.206+05:30  INFO 18996 --- [demo] [http-nio-8080-exec-1] c.d.d.DataModificationDetectionService   : New hash value: e1552ab824bd9f895019624739630894089944c3146259fc5ede2d434bbdb53a
2025-05-01T01:04:24.207+05:30  INFO 18996 --- [demo] [http-nio-8080-exec-1] c.d.d.DataModificationDetectionService   : Last Submitted Data: Arya user3 user3
2025-05-01T01:04:24.207+05:30  INFO 18996 --- [demo] [http-nio-8080-exec-1] c.d.d.DataModificationDetectionService   : Checking field 'name': old='Arya user3 user3', new='Arya user3 user3'
2025-05-01T01:04:24.207+05:30  INFO 18996 --- [demo] [http-nio-8080-exec-1] c.d.d.DataModificationDetectionService   : Last Submitted hash value: 13272ebc99822fe837bbaf0d5a0be884de418312d2c250470c247b60eb3a88f5
2025-05-01T01:04:24.207+05:30  INFO 18996 --- [demo] [http-nio-8080-exec-1] c.d.d.DataModificationDetectionService   : New hash value: 13272ebc99822fe837bbaf0d5a0be884de418312d2c250470c247b60eb3a88f5
2025-05-01T01:04:24.207+05:30  INFO 18996 --- [demo] [http-nio-8080-exec-1] c.d.d.DataModificationDetectionService   : Last Submitted Data: user3@gmail.com
2025-05-01T01:04:24.207+05:30  INFO 18996 --- [demo] [http-nio-8080-exec-1] c.d.d.DataModificationDetectionService   : Checking field 'email': old='user3@gmail.com', new='user3@gmail.com'
2025-05-01T01:04:24.208+05:30  INFO 18996 --- [demo] [http-nio-8080-exec-1] c.d.d.DataModificationDetectionService   : Last Submitted hash value: 273e9c147a72c4ff1cbc3e73f966252824ef63cff8833aca549d622f81174c07
2025-05-01T01:04:24.208+05:30  INFO 18996 --- [demo] [http-nio-8080-exec-1] c.d.d.DataModificationDetectionService   : New hash value: a6cc143599fe77087d0c0812f0063658b3749004a469ea6fafa57cfbfa9d09e2
2025-05-01T01:04:24.208+05:30  INFO 18996 --- [demo] [http-nio-8080-exec-1] c.d.d.DataModificationDetectionService   : Last Submitted Data: 9987676000
2025-05-01T01:04:24.208+05:30  INFO 18996 --- [demo] [http-nio-8080-exec-1] c.d.d.DataModificationDetectionService   : Checking field 'phone': old='9987676000', new='9987676001'
2025-05-01T01:04:24.209+05:30  INFO 18996 --- [demo] [http-nio-8080-exec-1] c.d.d.DataModificationDetectionService   : Last Submitted hash value: 5965ff57a6208d403e7702efc0f26f0d03a0cc13d9b1f00e1a93a6b5536cb15d
2025-05-01T01:04:24.209+05:30  INFO 18996 --- [demo] [http-nio-8080-exec-1] c.d.d.DataModificationDetectionService   : New hash value: c7c0c35b3acfa0cc865212919760a2e672e419ad18926572bfe846103d66f833
2025-05-01T01:04:24.209+05:30  INFO 18996 --- [demo] [http-nio-8080-exec-1] c.d.d.DataModificationDetectionService   : Last Submitted Data: 47 W 13th St, New York, NY 10011, USA
2025-05-01T01:04:24.209+05:30  INFO 18996 --- [demo] [http-nio-8080-exec-1] c.d.d.DataModificationDetectionService   : Checking field 'address': old='47 W 13th St, New York, NY 10011, USA', new='48 W 13th St, New York, NY 10011, USA'
2025-05-01T01:04:24.210+05:30  INFO 18996 --- [demo] [http-nio-8080-exec-1] c.d.d.DataModificationDetectionService   : Last Submitted hash value: 6f2124320de2c05a0bcde621c76d8eaf4ab7c8d377024ff4a93437c967d2af75
2025-05-01T01:04:24.210+05:30  INFO 18996 --- [demo] [http-nio-8080-exec-1] c.d.d.DataModificationDetectionService   : New hash value: abdc8adcd4f57e1e96b620ccfa389b1198e91f75b161dd7fe5289c7a1e3e9b33
2025-05-01T01:04:24.211+05:30  INFO 18996 --- [demo] [http-nio-8080-exec-1] c.d.d.DataModificationDetectionService   : Last Submitted Data: 2024-04-08
2025-05-01T01:04:24.211+05:30  INFO 18996 --- [demo] [http-nio-8080-exec-1] c.d.d.DataModificationDetectionService   : Checking field 'dob': old='2024-04-08', new='2024-03-04'
2025-05-01T01:04:24.211+05:30  INFO 18996 --- [demo] [http-nio-8080-exec-1] c.d.demo.DataTransmissionService         : Transmitting data: User ID: 161 -> {address=48 W 13th St, New York, NY 10011, USA, phone=9987676001, dob=2024-03-04}
2025-05-01T01:04:24.722+05:30  INFO 18996 --- [demo] [http-nio-8080-exec-1] c.d.demo.DataTransmissionService         : Data transmitted successfully: User ID: 161 -> {address=48 W 13th St, New York, NY 10011, USA, phone=9987676001, dob=2024-03-04}
2025-05-01T01:04:24.722+05:30  INFO 18996 --- [demo] [http-nio-8080-exec-1] com.dissertation.demo.UserDataService    : Transmitted Data: {address=48 W 13th St, New York, NY 10011, USA, phone=9987676001, dob=2024-03-04}
2025-05-01T01:04:24.722+05:30  INFO 18996 --- [demo] [http-nio-8080-exec-1] com.dissertation.demo.UserDataService    : DEBUG: Updated changed field count for 161: 3
2025-05-01T01:04:24.722+05:30  INFO 18996 --- [demo] [http-nio-8080-exec-1] com.dissertation.demo.UserDataService    : User ID: 161
2025-05-01T01:04:24.722+05:30  INFO 18996 --- [demo] [http-nio-8080-exec-1] com.dissertation.demo.UserDataService    : Previous Data: {name=Arya user3 user3, address=47 W 13th St, New York, NY 10011, USA, phone=9987676000, email=user3@gmail.com, dob=2024-04-08}
2025-05-01T01:04:24.722+05:30  INFO 18996 --- [demo] [http-nio-8080-exec-1] com.dissertation.demo.UserDataService    : New Data Submitted: {name=Arya user3 user3, email=user3@gmail.com, phone=9987676001, address=48 W 13th St, New York, NY 10011, USA, dob=2024-03-04}
2025-05-01T01:04:24.723+05:30  INFO 18996 --- [demo] [http-nio-8080-exec-1] com.dissertation.demo.UserDataService    : Changed Fields: {address=48 W 13th St, New York, NY 10011, USA, phone=9987676001, dob=2024-03-04}
2025-05-01T01:04:24.723+05:30  INFO 18996 --- [demo] [http-nio-8080-exec-1] com.dissertation.demo.UserDataService    : Total transmitted data size in KB ::57
2025-05-01T01:04:24.723+05:30  INFO 18996 --- [demo] [http-nio-8080-exec-1] com.dissertation.demo.UserDataService    : Transmitted Data: Only the modified fields --> {address=48 W 13th St, New York, NY 10011, USA, phone=9987676001, dob=2024-03-04}
2025-05-01T01:04:24.723+05:30  INFO 18996 --- [demo] [http-nio-8080-exec-1] com.dissertation.demo.UserDataService    : Modified Fields for 161: address, phone, dob
2025-05-01T01:04:24.723+05:30  INFO 18996 --- [demo] [http-nio-8080-exec-1] com.dissertation.demo.UserDataService    : Bandwidth Saved: 377 bytes (compared to full form submission)
2025-05-01T01:04:27.476+05:30  INFO 18996 --- [demo] [http-nio-8080-exec-2] com.dissertation.demo.AdminService       : Network Metrics - Load: 57%, Latency: 1 ms, Throughput: 0.0556640625 KB/s
2025-05-01T01:04:53.303+05:30  INFO 18996 --- [demo] [http-nio-8080-exec-4] com.dissertation.demo.UserUIController   : User ID: 161 - Data Received: {name=Arya user3 user3, email=user3@gmail.com, phone=9765678767, address=1234 Elmwood Crescent 2 Avenue, Apartment 21B, East Williamsburg, Brooklyn, New York, NY 11206, United States of America, dob=2024-03-04}
2025-05-01T01:04:53.305+05:30  INFO 18996 --- [demo] [http-nio-8080-exec-4] c.d.d.DataModificationDetectionService   : Last Submitted hash value: e1552ab824bd9f895019624739630894089944c3146259fc5ede2d434bbdb53a
2025-05-01T01:04:53.306+05:30  INFO 18996 --- [demo] [http-nio-8080-exec-4] c.d.d.DataModificationDetectionService   : New hash value: e1552ab824bd9f895019624739630894089944c3146259fc5ede2d434bbdb53a
2025-05-01T01:04:53.306+05:30  INFO 18996 --- [demo] [http-nio-8080-exec-4] c.d.d.DataModificationDetectionService   : Last Submitted Data: Arya user3 user3
2025-05-01T01:04:53.306+05:30  INFO 18996 --- [demo] [http-nio-8080-exec-4] c.d.d.DataModificationDetectionService   : Checking field 'name': old='Arya user3 user3', new='Arya user3 user3'
2025-05-01T01:04:53.307+05:30  INFO 18996 --- [demo] [http-nio-8080-exec-4] c.d.d.DataModificationDetectionService   : Last Submitted hash value: 13272ebc99822fe837bbaf0d5a0be884de418312d2c250470c247b60eb3a88f5
2025-05-01T01:04:53.307+05:30  INFO 18996 --- [demo] [http-nio-8080-exec-4] c.d.d.DataModificationDetectionService   : New hash value: 13272ebc99822fe837bbaf0d5a0be884de418312d2c250470c247b60eb3a88f5
2025-05-01T01:04:53.307+05:30  INFO 18996 --- [demo] [http-nio-8080-exec-4] c.d.d.DataModificationDetectionService   : Last Submitted Data: user3@gmail.com
2025-05-01T01:04:53.307+05:30  INFO 18996 --- [demo] [http-nio-8080-exec-4] c.d.d.DataModificationDetectionService   : Checking field 'email': old='user3@gmail.com', new='user3@gmail.com'
2025-05-01T01:04:53.307+05:30  INFO 18996 --- [demo] [http-nio-8080-exec-4] c.d.d.DataModificationDetectionService   : Last Submitted hash value: a6cc143599fe77087d0c0812f0063658b3749004a469ea6fafa57cfbfa9d09e2
2025-05-01T01:04:53.307+05:30  INFO 18996 --- [demo] [http-nio-8080-exec-4] c.d.d.DataModificationDetectionService   : New hash value: 956b7a7fa05bd6c0f50f561e578838f8d7a26f2345595560d5e41d18bd1b661b
2025-05-01T01:04:53.308+05:30  INFO 18996 --- [demo] [http-nio-8080-exec-4] c.d.d.DataModificationDetectionService   : Last Submitted Data: 9987676001
2025-05-01T01:04:53.308+05:30  INFO 18996 --- [demo] [http-nio-8080-exec-4] c.d.d.DataModificationDetectionService   : Checking field 'phone': old='9987676001', new='9765678767'
2025-05-01T01:04:53.308+05:30  INFO 18996 --- [demo] [http-nio-8080-exec-4] c.d.d.DataModificationDetectionService   : Last Submitted hash value: c7c0c35b3acfa0cc865212919760a2e672e419ad18926572bfe846103d66f833
2025-05-01T01:04:53.308+05:30  INFO 18996 --- [demo] [http-nio-8080-exec-4] c.d.d.DataModificationDetectionService   : New hash value: 22b4f87a393c4654b9836961b17945ad0ef9693dacc889bb6357a24f3640d83d
2025-05-01T01:04:53.308+05:30  INFO 18996 --- [demo] [http-nio-8080-exec-4] c.d.d.DataModificationDetectionService   : Last Submitted Data: 48 W 13th St, New York, NY 10011, USA
2025-05-01T01:04:53.308+05:30  INFO 18996 --- [demo] [http-nio-8080-exec-4] c.d.d.DataModificationDetectionService   : Checking field 'address': old='48 W 13th St, New York, NY 10011, USA', new='1234 Elmwood Crescent 2 Avenue, Apartment 21B, East Williamsburg, Brooklyn, New York, NY 11206, United States of America'
2025-05-01T01:04:53.309+05:30  INFO 18996 --- [demo] [http-nio-8080-exec-4] c.d.d.DataModificationDetectionService   : Last Submitted hash value: abdc8adcd4f57e1e96b620ccfa389b1198e91f75b161dd7fe5289c7a1e3e9b33
2025-05-01T01:04:53.309+05:30  INFO 18996 --- [demo] [http-nio-8080-exec-4] c.d.d.DataModificationDetectionService   : New hash value: abdc8adcd4f57e1e96b620ccfa389b1198e91f75b161dd7fe5289c7a1e3e9b33
2025-05-01T01:04:53.309+05:30  INFO 18996 --- [demo] [http-nio-8080-exec-4] c.d.d.DataModificationDetectionService   : Last Submitted Data: 2024-03-04
2025-05-01T01:04:53.309+05:30  INFO 18996 --- [demo] [http-nio-8080-exec-4] c.d.d.DataModificationDetectionService   : Checking field 'dob': old='2024-03-04', new='2024-03-04'
2025-05-01T01:04:53.309+05:30  INFO 18996 --- [demo] [http-nio-8080-exec-4] c.d.demo.DataTransmissionService         : Transmitting data: User ID: 161 -> {address=1234 Elmwood Crescent 2 Avenue, Apartment 21B, East Williamsburg, Brooklyn, New York, NY 11206, United States of America, phone=9765678767}
2025-05-01T01:04:53.823+05:30  INFO 18996 --- [demo] [http-nio-8080-exec-4] c.d.demo.DataTransmissionService         : Data transmitted successfully: User ID: 161 -> {address=1234 Elmwood Crescent 2 Avenue, Apartment 21B, East Williamsburg, Brooklyn, New York, NY 11206, United States of America, phone=9765678767}
2025-05-01T01:04:53.823+05:30  INFO 18996 --- [demo] [http-nio-8080-exec-4] com.dissertation.demo.UserDataService    : Transmitted Data: {address=1234 Elmwood Crescent 2 Avenue, Apartment 21B, East Williamsburg, Brooklyn, New York, NY 11206, United States of America, phone=9765678767}
2025-05-01T01:04:53.823+05:30  INFO 18996 --- [demo] [http-nio-8080-exec-4] com.dissertation.demo.UserDataService    : DEBUG: Updated changed field count for 161: 2
2025-05-01T01:04:53.824+05:30  INFO 18996 --- [demo] [http-nio-8080-exec-4] com.dissertation.demo.UserDataService    : User ID: 161
2025-05-01T01:04:53.824+05:30  INFO 18996 --- [demo] [http-nio-8080-exec-4] com.dissertation.demo.UserDataService    : Previous Data: {name=Arya user3 user3, address=48 W 13th St, New York, NY 10011, USA, phone=9987676001, email=user3@gmail.com, dob=2024-03-04}
2025-05-01T01:04:53.824+05:30  INFO 18996 --- [demo] [http-nio-8080-exec-4] com.dissertation.demo.UserDataService    : New Data Submitted: {name=Arya user3 user3, email=user3@gmail.com, phone=9765678767, address=1234 Elmwood Crescent 2 Avenue, Apartment 21B, East Williamsburg, Brooklyn, New York, NY 11206, United States of America, dob=2024-03-04}
2025-05-01T01:04:53.824+05:30  INFO 18996 --- [demo] [http-nio-8080-exec-4] com.dissertation.demo.UserDataService    : Changed Fields: {address=1234 Elmwood Crescent 2 Avenue, Apartment 21B, East Williamsburg, Brooklyn, New York, NY 11206, United States of America, phone=9765678767}
2025-05-01T01:04:53.824+05:30  INFO 18996 --- [demo] [http-nio-8080-exec-4] com.dissertation.demo.UserDataService    : Total transmitted data size in KB ::130
2025-05-01T01:04:53.824+05:30  INFO 18996 --- [demo] [http-nio-8080-exec-4] com.dissertation.demo.UserDataService    : Transmitted Data: Only the modified fields --> {address=1234 Elmwood Crescent 2 Avenue, Apartment 21B, East Williamsburg, Brooklyn, New York, NY 11206, United States of America, phone=9765678767}
2025-05-01T01:04:53.824+05:30  INFO 18996 --- [demo] [http-nio-8080-exec-4] com.dissertation.demo.UserDataService    : Modified Fields for 161: address, phone
2025-05-01T01:04:53.824+05:30  INFO 18996 --- [demo] [http-nio-8080-exec-4] com.dissertation.demo.UserDataService    : Bandwidth Saved: 475 bytes (compared to full form submission)
2025-05-01T01:04:56.689+05:30  INFO 18996 --- [demo] [http-nio-8080-exec-5] com.dissertation.demo.AdminService       : Network Metrics - Load: 30%, Latency: 1 ms, Throughput: 0.126953125 KB/s
2025-05-01T01:05:04.607+05:30  INFO 18996 --- [demo] [http-nio-8080-exec-6] com.dissertation.demo.UserUIController   : User ID: 161 - Data Received: {name=Arya user3 user3, email=user3@gmail.com, phone=9765678767, address=1234 Elmwood Crescent 2 Avenue, Apartment 21B, East Williamsburg, Brooklyn, New York, NY 11206, United States of America, dob=2024-03-04}
2025-05-01T01:05:04.609+05:30  INFO 18996 --- [demo] [http-nio-8080-exec-6] c.d.d.DataModificationDetectionService   : Last Submitted hash value: e1552ab824bd9f895019624739630894089944c3146259fc5ede2d434bbdb53a
2025-05-01T01:05:04.609+05:30  INFO 18996 --- [demo] [http-nio-8080-exec-6] c.d.d.DataModificationDetectionService   : New hash value: e1552ab824bd9f895019624739630894089944c3146259fc5ede2d434bbdb53a
2025-05-01T01:05:04.609+05:30  INFO 18996 --- [demo] [http-nio-8080-exec-6] c.d.d.DataModificationDetectionService   : Last Submitted Data: Arya user3 user3
2025-05-01T01:05:04.609+05:30  INFO 18996 --- [demo] [http-nio-8080-exec-6] c.d.d.DataModificationDetectionService   : Checking field 'name': old='Arya user3 user3', new='Arya user3 user3'
2025-05-01T01:05:04.609+05:30  INFO 18996 --- [demo] [http-nio-8080-exec-6] c.d.d.DataModificationDetectionService   : Last Submitted hash value: 13272ebc99822fe837bbaf0d5a0be884de418312d2c250470c247b60eb3a88f5
2025-05-01T01:05:04.609+05:30  INFO 18996 --- [demo] [http-nio-8080-exec-6] c.d.d.DataModificationDetectionService   : New hash value: 13272ebc99822fe837bbaf0d5a0be884de418312d2c250470c247b60eb3a88f5
2025-05-01T01:05:04.609+05:30  INFO 18996 --- [demo] [http-nio-8080-exec-6] c.d.d.DataModificationDetectionService   : Last Submitted Data: user3@gmail.com
2025-05-01T01:05:04.609+05:30  INFO 18996 --- [demo] [http-nio-8080-exec-6] c.d.d.DataModificationDetectionService   : Checking field 'email': old='user3@gmail.com', new='user3@gmail.com'
2025-05-01T01:05:04.610+05:30  INFO 18996 --- [demo] [http-nio-8080-exec-6] c.d.d.DataModificationDetectionService   : Last Submitted hash value: 956b7a7fa05bd6c0f50f561e578838f8d7a26f2345595560d5e41d18bd1b661b
2025-05-01T01:05:04.610+05:30  INFO 18996 --- [demo] [http-nio-8080-exec-6] c.d.d.DataModificationDetectionService   : New hash value: 956b7a7fa05bd6c0f50f561e578838f8d7a26f2345595560d5e41d18bd1b661b
2025-05-01T01:05:04.610+05:30  INFO 18996 --- [demo] [http-nio-8080-exec-6] c.d.d.DataModificationDetectionService   : Last Submitted Data: 9765678767
2025-05-01T01:05:04.610+05:30  INFO 18996 --- [demo] [http-nio-8080-exec-6] c.d.d.DataModificationDetectionService   : Checking field 'phone': old='9765678767', new='9765678767'
2025-05-01T01:05:04.611+05:30  INFO 18996 --- [demo] [http-nio-8080-exec-6] c.d.d.DataModificationDetectionService   : Last Submitted hash value: 22b4f87a393c4654b9836961b17945ad0ef9693dacc889bb6357a24f3640d83d
2025-05-01T01:05:04.611+05:30  INFO 18996 --- [demo] [http-nio-8080-exec-6] c.d.d.DataModificationDetectionService   : New hash value: 22b4f87a393c4654b9836961b17945ad0ef9693dacc889bb6357a24f3640d83d
2025-05-01T01:05:04.612+05:30  INFO 18996 --- [demo] [http-nio-8080-exec-6] c.d.d.DataModificationDetectionService   : Last Submitted Data: 1234 Elmwood Crescent 2 Avenue, Apartment 21B, East Williamsburg, Brooklyn, New York, NY 11206, United States of America
2025-05-01T01:05:04.612+05:30  INFO 18996 --- [demo] [http-nio-8080-exec-6] c.d.d.DataModificationDetectionService   : Checking field 'address': old='1234 Elmwood Crescent 2 Avenue, Apartment 21B, East Williamsburg, Brooklyn, New York, NY 11206, United States of America', new='1234 Elmwood Crescent 2 Avenue, Apartment 21B, East Williamsburg, Brooklyn, New York, NY 11206, United States of America'
2025-05-01T01:05:04.612+05:30  INFO 18996 --- [demo] [http-nio-8080-exec-6] c.d.d.DataModificationDetectionService   : Last Submitted hash value: abdc8adcd4f57e1e96b620ccfa389b1198e91f75b161dd7fe5289c7a1e3e9b33
2025-05-01T01:05:04.612+05:30  INFO 18996 --- [demo] [http-nio-8080-exec-6] c.d.d.DataModificationDetectionService   : New hash value: abdc8adcd4f57e1e96b620ccfa389b1198e91f75b161dd7fe5289c7a1e3e9b33
2025-05-01T01:05:04.612+05:30  INFO 18996 --- [demo] [http-nio-8080-exec-6] c.d.d.DataModificationDetectionService   : Last Submitted Data: 2024-03-04
2025-05-01T01:05:04.613+05:30  INFO 18996 --- [demo] [http-nio-8080-exec-6] c.d.d.DataModificationDetectionService   : Checking field 'dob': old='2024-03-04', new='2024-03-04'
2025-05-01T01:05:04.613+05:30  INFO 18996 --- [demo] [http-nio-8080-exec-6] com.dissertation.demo.UserDataService    : Transmitted Data: {}
2025-05-01T01:05:04.613+05:30  INFO 18996 --- [demo] [http-nio-8080-exec-6] com.dissertation.demo.UserDataService    : DEBUG: Updated changed field count for 161: 0
2025-05-01T01:05:04.613+05:30  INFO 18996 --- [demo] [http-nio-8080-exec-6] com.dissertation.demo.UserDataService    : User ID: 161
2025-05-01T01:05:04.613+05:30  INFO 18996 --- [demo] [http-nio-8080-exec-6] com.dissertation.demo.UserDataService    : Previous Data: {name=Arya user3 user3, address=1234 Elmwood Crescent 2 Avenue, Apartment 21B, East Williamsburg, Brooklyn, New York, NY 11206, United States of America, phone=9765678767, email=user3@gmail.com, dob=2024-03-04}
2025-05-01T01:05:04.613+05:30  INFO 18996 --- [demo] [http-nio-8080-exec-6] com.dissertation.demo.UserDataService    : New Data Submitted: {name=Arya user3 user3, email=user3@gmail.com, phone=9765678767, address=1234 Elmwood Crescent 2 Avenue, Apartment 21B, East Williamsburg, Brooklyn, New York, NY 11206, United States of America, dob=2024-03-04}
2025-05-01T01:05:04.613+05:30  INFO 18996 --- [demo] [http-nio-8080-exec-6] com.dissertation.demo.UserDataService    : Changed Fields: {}
2025-05-01T01:05:04.613+05:30  INFO 18996 --- [demo] [http-nio-8080-exec-6] com.dissertation.demo.UserDataService    : Total transmitted data size in KB ::0
2025-05-01T01:05:04.613+05:30  INFO 18996 --- [demo] [http-nio-8080-exec-6] com.dissertation.demo.UserDataService    : No changes detected. No data transmitted.
2025-05-01T01:05:04.613+05:30  INFO 18996 --- [demo] [http-nio-8080-exec-6] com.dissertation.demo.UserDataService    : Bandwidth Saved: 776 bytes (compared to full form submission)
2025-05-01T01:05:04.613+05:30  INFO 18996 --- [demo] [http-nio-8080-exec-6] com.dissertation.demo.UserUIController   : No changes detected
2025-05-01T01:05:07.608+05:30  INFO 18996 --- [demo] [http-nio-8080-exec-7] com.dissertation.demo.AdminService       : Network Metrics - Load: 0%, Latency: 0 ms, Throughput: 0.0 KB/s
2025-05-01T01:05:33.650+05:30  INFO 18996 --- [demo] [http-nio-8080-exec-2] com.dissertation.demo.UserUIController   : User ID: 161 - Data Received: {name=Arya user3, email=user3@gmail.com, phone=900000000, address=1234 Elmwood Crescent 2 Avenue, Apartment 21B, East Williamsburg, Brooklyn, New York, NY 11206, United States of America, dob=2024-03-04}
2025-05-01T01:05:33.652+05:30  INFO 18996 --- [demo] [http-nio-8080-exec-2] c.d.d.DataModificationDetectionService   : Last Submitted hash value: e1552ab824bd9f895019624739630894089944c3146259fc5ede2d434bbdb53a
2025-05-01T01:05:33.652+05:30  INFO 18996 --- [demo] [http-nio-8080-exec-2] c.d.d.DataModificationDetectionService   : New hash value: 7304fd6a9e943bc01126c9fcd60bb7d62610a4bac036cb0aba50ac442afb98f1
2025-05-01T01:05:33.652+05:30  INFO 18996 --- [demo] [http-nio-8080-exec-2] c.d.d.DataModificationDetectionService   : Last Submitted Data: Arya user3 user3
2025-05-01T01:05:33.652+05:30  INFO 18996 --- [demo] [http-nio-8080-exec-2] c.d.d.DataModificationDetectionService   : Checking field 'name': old='Arya user3 user3', new='Arya user3'
2025-05-01T01:05:33.653+05:30  INFO 18996 --- [demo] [http-nio-8080-exec-2] c.d.d.DataModificationDetectionService   : Last Submitted hash value: 13272ebc99822fe837bbaf0d5a0be884de418312d2c250470c247b60eb3a88f5
2025-05-01T01:05:33.653+05:30  INFO 18996 --- [demo] [http-nio-8080-exec-2] c.d.d.DataModificationDetectionService   : New hash value: 13272ebc99822fe837bbaf0d5a0be884de418312d2c250470c247b60eb3a88f5
2025-05-01T01:05:33.653+05:30  INFO 18996 --- [demo] [http-nio-8080-exec-2] c.d.d.DataModificationDetectionService   : Last Submitted Data: user3@gmail.com
2025-05-01T01:05:33.653+05:30  INFO 18996 --- [demo] [http-nio-8080-exec-2] c.d.d.DataModificationDetectionService   : Checking field 'email': old='user3@gmail.com', new='user3@gmail.com'
2025-05-01T01:05:33.654+05:30  INFO 18996 --- [demo] [http-nio-8080-exec-2] c.d.d.DataModificationDetectionService   : Last Submitted hash value: 956b7a7fa05bd6c0f50f561e578838f8d7a26f2345595560d5e41d18bd1b661b
2025-05-01T01:05:33.654+05:30  INFO 18996 --- [demo] [http-nio-8080-exec-2] c.d.d.DataModificationDetectionService   : New hash value: 8b2210437010c3b0246adf3fa1d14546d725b676827194eb07e36d532357a042
2025-05-01T01:05:33.654+05:30  INFO 18996 --- [demo] [http-nio-8080-exec-2] c.d.d.DataModificationDetectionService   : Last Submitted Data: 9765678767
2025-05-01T01:05:33.654+05:30  INFO 18996 --- [demo] [http-nio-8080-exec-2] c.d.d.DataModificationDetectionService   : Checking field 'phone': old='9765678767', new='900000000'
2025-05-01T01:05:33.655+05:30  INFO 18996 --- [demo] [http-nio-8080-exec-2] c.d.d.DataModificationDetectionService   : Last Submitted hash value: 22b4f87a393c4654b9836961b17945ad0ef9693dacc889bb6357a24f3640d83d
2025-05-01T01:05:33.655+05:30  INFO 18996 --- [demo] [http-nio-8080-exec-2] c.d.d.DataModificationDetectionService   : New hash value: 22b4f87a393c4654b9836961b17945ad0ef9693dacc889bb6357a24f3640d83d
2025-05-01T01:05:33.655+05:30  INFO 18996 --- [demo] [http-nio-8080-exec-2] c.d.d.DataModificationDetectionService   : Last Submitted Data: 1234 Elmwood Crescent 2 Avenue, Apartment 21B, East Williamsburg, Brooklyn, New York, NY 11206, United States of America
2025-05-01T01:05:33.655+05:30  INFO 18996 --- [demo] [http-nio-8080-exec-2] c.d.d.DataModificationDetectionService   : Checking field 'address': old='1234 Elmwood Crescent 2 Avenue, Apartment 21B, East Williamsburg, Brooklyn, New York, NY 11206, United States of America', new='1234 Elmwood Crescent 2 Avenue, Apartment 21B, East Williamsburg, Brooklyn, New York, NY 11206, United States of America'
2025-05-01T01:05:33.655+05:30  INFO 18996 --- [demo] [http-nio-8080-exec-2] c.d.d.DataModificationDetectionService   : Last Submitted hash value: abdc8adcd4f57e1e96b620ccfa389b1198e91f75b161dd7fe5289c7a1e3e9b33
2025-05-01T01:05:33.655+05:30  INFO 18996 --- [demo] [http-nio-8080-exec-2] c.d.d.DataModificationDetectionService   : New hash value: abdc8adcd4f57e1e96b620ccfa389b1198e91f75b161dd7fe5289c7a1e3e9b33
2025-05-01T01:05:33.655+05:30  INFO 18996 --- [demo] [http-nio-8080-exec-2] c.d.d.DataModificationDetectionService   : Last Submitted Data: 2024-03-04
2025-05-01T01:05:33.655+05:30  INFO 18996 --- [demo] [http-nio-8080-exec-2] c.d.d.DataModificationDetectionService   : Checking field 'dob': old='2024-03-04', new='2024-03-04'
2025-05-01T01:05:33.656+05:30  INFO 18996 --- [demo] [http-nio-8080-exec-2] c.d.demo.DataTransmissionService         : Transmitting data: User ID: 161 -> {phone=900000000, name=Arya user3}
2025-05-01T01:05:34.156+05:30  INFO 18996 --- [demo] [http-nio-8080-exec-2] c.d.demo.DataTransmissionService         : Data transmitted successfully: User ID: 161 -> {phone=900000000, name=Arya user3}
2025-05-01T01:05:34.156+05:30  INFO 18996 --- [demo] [http-nio-8080-exec-2] com.dissertation.demo.UserDataService    : Transmitted Data: {phone=900000000, name=Arya user3}
2025-05-01T01:05:34.156+05:30  INFO 18996 --- [demo] [http-nio-8080-exec-2] com.dissertation.demo.UserDataService    : DEBUG: Updated changed field count for 161: 2
2025-05-01T01:05:34.157+05:30  INFO 18996 --- [demo] [http-nio-8080-exec-2] com.dissertation.demo.UserDataService    : User ID: 161
2025-05-01T01:05:34.157+05:30  INFO 18996 --- [demo] [http-nio-8080-exec-2] com.dissertation.demo.UserDataService    : Previous Data: {name=Arya user3 user3, address=1234 Elmwood Crescent 2 Avenue, Apartment 21B, East Williamsburg, Brooklyn, New York, NY 11206, United States of America, phone=9765678767, email=user3@gmail.com, dob=2024-03-04}
2025-05-01T01:05:34.157+05:30  INFO 18996 --- [demo] [http-nio-8080-exec-2] com.dissertation.demo.UserDataService    : New Data Submitted: {name=Arya user3, email=user3@gmail.com, phone=900000000, address=1234 Elmwood Crescent 2 Avenue, Apartment 21B, East Williamsburg, Brooklyn, New York, NY 11206, United States of America, dob=2024-03-04}
2025-05-01T01:05:34.157+05:30  INFO 18996 --- [demo] [http-nio-8080-exec-2] com.dissertation.demo.UserDataService    : Changed Fields: {phone=900000000, name=Arya user3}
2025-05-01T01:05:34.157+05:30  INFO 18996 --- [demo] [http-nio-8080-exec-2] com.dissertation.demo.UserDataService    : Total transmitted data size in KB ::19
2025-05-01T01:05:34.157+05:30  INFO 18996 --- [demo] [http-nio-8080-exec-2] com.dissertation.demo.UserDataService    : Transmitted Data: Only the modified fields --> {phone=900000000, name=Arya user3}
2025-05-01T01:05:34.157+05:30  INFO 18996 --- [demo] [http-nio-8080-exec-2] com.dissertation.demo.UserDataService    : Modified Fields for 161: phone, name
2025-05-01T01:05:34.157+05:30  INFO 18996 --- [demo] [http-nio-8080-exec-2] com.dissertation.demo.UserDataService    : Bandwidth Saved: 921 bytes (compared to full form submission)
2025-05-01T01:05:36.644+05:30  INFO 18996 --- [demo] [http-nio-8080-exec-3] com.dissertation.demo.AdminService       : Network Metrics - Load: 19%, Latency: 1 ms, Throughput: 0.0185546875 KB/s
2025-05-01T09:25:30.288+05:30  INFO 11888 --- [demo] [main] c.d.demo.NetworkOptimizationApplication  : Starting NetworkOptimizationApplication using Java 17.0.10 with PID 11888 (C:\Users\AT092729\Downloads\demo\demo\target\classes started by athakur in C:\Users\AT092729\Downloads\demo\demo)
2025-05-01T09:25:30.292+05:30  INFO 11888 --- [demo] [main] c.d.demo.NetworkOptimizationApplication  : No active profile set, falling back to 1 default profile: "default"
2025-05-01T09:25:30.946+05:30  INFO 11888 --- [demo] [main] .s.d.r.c.RepositoryConfigurationDelegate : Bootstrapping Spring Data JPA repositories in DEFAULT mode.
2025-05-01T09:25:31.013+05:30  INFO 11888 --- [demo] [main] .s.d.r.c.RepositoryConfigurationDelegate : Finished Spring Data repository scanning in 54 ms. Found 1 JPA repository interface.
2025-05-01T09:25:31.696+05:30  INFO 11888 --- [demo] [main] o.s.b.w.embedded.tomcat.TomcatWebServer  : Tomcat initialized with port 8080 (http)
2025-05-01T09:25:31.712+05:30  INFO 11888 --- [demo] [main] o.apache.catalina.core.StandardService   : Starting service [Tomcat]
2025-05-01T09:25:31.712+05:30  INFO 11888 --- [demo] [main] o.apache.catalina.core.StandardEngine    : Starting Servlet engine: [Apache Tomcat/10.1.31]
2025-05-01T09:25:31.808+05:30  INFO 11888 --- [demo] [main] o.a.c.c.C.[Tomcat].[localhost].[/]       : Initializing Spring embedded WebApplicationContext
2025-05-01T09:25:31.809+05:30  INFO 11888 --- [demo] [main] w.s.c.ServletWebServerApplicationContext : Root WebApplicationContext: initialization completed in 1472 ms
2025-05-01T09:25:31.856+05:30  INFO 11888 --- [demo] [main] com.zaxxer.hikari.HikariDataSource       : HikariPool-1 - Starting...
2025-05-01T09:25:32.106+05:30  INFO 11888 --- [demo] [main] com.zaxxer.hikari.pool.HikariPool        : HikariPool-1 - Added connection conn0: url=jdbc:h2:file:./data/testdb user=SA
2025-05-01T09:25:32.108+05:30  INFO 11888 --- [demo] [main] com.zaxxer.hikari.HikariDataSource       : HikariPool-1 - Start completed.
2025-05-01T09:25:32.118+05:30  INFO 11888 --- [demo] [main] o.s.b.a.h2.H2ConsoleAutoConfiguration    : H2 console available at '/h2-console'. Database available at 'jdbc:h2:file:./data/testdb'
2025-05-01T09:25:32.308+05:30  INFO 11888 --- [demo] [main] o.hibernate.jpa.internal.util.LogHelper  : HHH000204: Processing PersistenceUnitInfo [name: default]
2025-05-01T09:25:32.407+05:30  INFO 11888 --- [demo] [main] org.hibernate.Version                    : HHH000412: Hibernate ORM core version 6.5.3.Final
2025-05-01T09:25:32.452+05:30  INFO 11888 --- [demo] [main] o.h.c.internal.RegionFactoryInitiator    : HHH000026: Second-level cache disabled
2025-05-01T09:25:32.828+05:30  INFO 11888 --- [demo] [main] o.s.o.j.p.SpringPersistenceUnitInfo      : No LoadTimeWeaver setup: ignoring JPA class transformer
2025-05-01T09:25:32.909+05:30  WARN 11888 --- [demo] [main] org.hibernate.orm.deprecation            : HHH90000025: H2Dialect does not need to be specified explicitly using 'hibernate.dialect' (remove the property setting and it will be selected by default)
2025-05-01T09:25:33.664+05:30  INFO 11888 --- [demo] [main] o.h.e.t.j.p.i.JtaPlatformInitiator       : HHH000489: No JTA platform available (set 'hibernate.transaction.jta.platform' to enable JTA platform integration)
2025-05-01T09:25:33.669+05:30  INFO 11888 --- [demo] [main] j.LocalContainerEntityManagerFactoryBean : Initialized JPA EntityManagerFactory for persistence unit 'default'
2025-05-01T09:25:34.024+05:30  WARN 11888 --- [demo] [main] JpaBaseConfiguration$JpaWebConfiguration : spring.jpa.open-in-view is enabled by default. Therefore, database queries may be performed during view rendering. Explicitly configure spring.jpa.open-in-view to disable this warning
2025-05-01T09:25:34.395+05:30  INFO 11888 --- [demo] [main] o.s.b.w.embedded.tomcat.TomcatWebServer  : Tomcat started on port 8080 (http) with context path '/'
2025-05-01T09:25:34.405+05:30  INFO 11888 --- [demo] [main] c.d.demo.NetworkOptimizationApplication  : Started NetworkOptimizationApplication in 4.516 seconds (process running for 4.956)
2025-05-01T09:55:58.303+05:30  INFO 11888 --- [demo] [http-nio-8080-exec-1] o.a.c.c.C.[Tomcat].[localhost].[/]       : Initializing Spring DispatcherServlet 'dispatcherServlet'
2025-05-01T09:55:58.303+05:30  INFO 11888 --- [demo] [http-nio-8080-exec-1] o.s.web.servlet.DispatcherServlet        : Initializing Servlet 'dispatcherServlet'
2025-05-01T09:55:58.306+05:30  INFO 11888 --- [demo] [http-nio-8080-exec-1] o.s.web.servlet.DispatcherServlet        : Completed initialization in 3 ms
2025-05-01T09:56:34.736+05:30  INFO 11888 --- [demo] [http-nio-8080-exec-5] com.dissertation.demo.AdminService       : Network Metrics - Load: 0%, Latency: 0 ms, Throughput: 0.0 KB/s
2025-05-01T09:56:43.012+05:30  INFO 11888 --- [demo] [http-nio-8080-exec-6] com.dissertation.demo.UserUIController   : User ID: 323 - Data Received: {name=user11, email=user11@gmail.com, phone=9876545678, address=1234 Elmwood Crescent 2 Avenue, Apartment 21B, East Williamsburg, Brooklyn, New York, NY 11206, United States of America, dob=2025-01-08}
2025-05-01T09:56:43.036+05:30  INFO 11888 --- [demo] [http-nio-8080-exec-6] com.dissertation.demo.UserDataService    : Transmitted Data: {address=, phone=, dob=, name=, email=user11@gmail.com}
2025-05-01T09:56:43.036+05:30  INFO 11888 --- [demo] [http-nio-8080-exec-6] com.dissertation.demo.UserDataService    : DEBUG: Updated changed field count for 323: 5
2025-05-01T09:56:43.036+05:30  INFO 11888 --- [demo] [http-nio-8080-exec-6] com.dissertation.demo.UserDataService    : User ID: 323
2025-05-01T09:56:43.036+05:30  INFO 11888 --- [demo] [http-nio-8080-exec-6] com.dissertation.demo.UserDataService    : Previous Data: {}
2025-05-01T09:56:43.036+05:30  INFO 11888 --- [demo] [http-nio-8080-exec-6] com.dissertation.demo.UserDataService    : New Data Submitted: {address=, phone=, dob=, name=, email=user11@gmail.com}
2025-05-01T09:56:43.036+05:30  INFO 11888 --- [demo] [http-nio-8080-exec-6] com.dissertation.demo.UserDataService    : Changed Fields: {address=, phone=, dob=, name=, email=user11@gmail.com}
2025-05-01T09:56:43.037+05:30  INFO 11888 --- [demo] [http-nio-8080-exec-6] com.dissertation.demo.UserDataService    : Total transmitted data size in KB ::16
2025-05-01T09:56:43.037+05:30  INFO 11888 --- [demo] [http-nio-8080-exec-6] com.dissertation.demo.UserDataService    : Transmitted Data: Only the modified fields --> {address=, phone=, dob=, name=, email=user11@gmail.com}
2025-05-01T09:56:43.037+05:30  INFO 11888 --- [demo] [http-nio-8080-exec-6] com.dissertation.demo.UserDataService    : Modified Fields for 323: address, phone, dob, name, email
2025-05-01T09:56:43.037+05:30  INFO 11888 --- [demo] [http-nio-8080-exec-6] com.dissertation.demo.UserDataService    : Bandwidth Saved: 0 bytes (compared to full form submission)
2025-05-01T09:56:43.039+05:30  INFO 11888 --- [demo] [http-nio-8080-exec-6] c.d.d.DataModificationDetectionService   : Last Submitted hash value: e3b0c44298fc1c149afbf4c8996fb92427ae41e4649b934ca495991b7852b855
2025-05-01T09:56:43.040+05:30  INFO 11888 --- [demo] [http-nio-8080-exec-6] c.d.d.DataModificationDetectionService   : New hash value: 81115e31e22a5801b197750ec12d7a51ad693aa017ecc8bca033cbd500a928b6
2025-05-01T09:56:43.040+05:30  INFO 11888 --- [demo] [http-nio-8080-exec-6] c.d.d.DataModificationDetectionService   : Last Submitted Data: 
2025-05-01T09:56:43.040+05:30  INFO 11888 --- [demo] [http-nio-8080-exec-6] c.d.d.DataModificationDetectionService   : Checking field 'name': old='', new='user11'
2025-05-01T09:56:43.042+05:30  INFO 11888 --- [demo] [http-nio-8080-exec-6] c.d.d.DataModificationDetectionService   : Last Submitted hash value: cd9af1ab4d00e741a74188a71eb8830eb1d73e2adebaa0c6a73625f295e8efdd
2025-05-01T09:56:43.043+05:30  INFO 11888 --- [demo] [http-nio-8080-exec-6] c.d.d.DataModificationDetectionService   : New hash value: cd9af1ab4d00e741a74188a71eb8830eb1d73e2adebaa0c6a73625f295e8efdd
2025-05-01T09:56:43.043+05:30  INFO 11888 --- [demo] [http-nio-8080-exec-6] c.d.d.DataModificationDetectionService   : Last Submitted Data: user11@gmail.com
2025-05-01T09:56:43.043+05:30  INFO 11888 --- [demo] [http-nio-8080-exec-6] c.d.d.DataModificationDetectionService   : Checking field 'email': old='user11@gmail.com', new='user11@gmail.com'
2025-05-01T09:56:43.044+05:30  INFO 11888 --- [demo] [http-nio-8080-exec-6] c.d.d.DataModificationDetectionService   : Last Submitted hash value: e3b0c44298fc1c149afbf4c8996fb92427ae41e4649b934ca495991b7852b855
2025-05-01T09:56:43.045+05:30  INFO 11888 --- [demo] [http-nio-8080-exec-6] c.d.d.DataModificationDetectionService   : New hash value: e80fcb4a6664c3a096264a820d51a15a3ca2f5b6c9478c46bd7a6d51e70503ac
2025-05-01T09:56:43.045+05:30  INFO 11888 --- [demo] [http-nio-8080-exec-6] c.d.d.DataModificationDetectionService   : Last Submitted Data: 
2025-05-01T09:56:43.045+05:30  INFO 11888 --- [demo] [http-nio-8080-exec-6] c.d.d.DataModificationDetectionService   : Checking field 'phone': old='', new='9876545678'
2025-05-01T09:56:43.047+05:30  INFO 11888 --- [demo] [http-nio-8080-exec-6] c.d.d.DataModificationDetectionService   : Last Submitted hash value: e3b0c44298fc1c149afbf4c8996fb92427ae41e4649b934ca495991b7852b855
2025-05-01T09:56:43.049+05:30  INFO 11888 --- [demo] [http-nio-8080-exec-6] c.d.d.DataModificationDetectionService   : New hash value: 22b4f87a393c4654b9836961b17945ad0ef9693dacc889bb6357a24f3640d83d
2025-05-01T09:56:43.049+05:30  INFO 11888 --- [demo] [http-nio-8080-exec-6] c.d.d.DataModificationDetectionService   : Last Submitted Data: 
2025-05-01T09:56:43.049+05:30  INFO 11888 --- [demo] [http-nio-8080-exec-6] c.d.d.DataModificationDetectionService   : Checking field 'address': old='', new='1234 Elmwood Crescent 2 Avenue, Apartment 21B, East Williamsburg, Brooklyn, New York, NY 11206, United States of America'
2025-05-01T09:56:43.051+05:30  INFO 11888 --- [demo] [http-nio-8080-exec-6] c.d.d.DataModificationDetectionService   : Last Submitted hash value: e3b0c44298fc1c149afbf4c8996fb92427ae41e4649b934ca495991b7852b855
2025-05-01T09:56:43.052+05:30  INFO 11888 --- [demo] [http-nio-8080-exec-6] c.d.d.DataModificationDetectionService   : New hash value: 279542b43c6bd509169777bc0e91cdf3fa3c267302ad3679bce566341858bbe8
2025-05-01T09:56:43.053+05:30  INFO 11888 --- [demo] [http-nio-8080-exec-6] c.d.d.DataModificationDetectionService   : Last Submitted Data: 
2025-05-01T09:56:43.054+05:30  INFO 11888 --- [demo] [http-nio-8080-exec-6] c.d.d.DataModificationDetectionService   : Checking field 'dob': old='', new='2025-01-08'
2025-05-01T09:56:43.055+05:30  INFO 11888 --- [demo] [http-nio-8080-exec-6] c.d.demo.DataTransmissionService         : Transmitting data: User ID: 323 -> {address=1234 Elmwood Crescent 2 Avenue, Apartment 21B, East Williamsburg, Brooklyn, New York, NY 11206, United States of America, phone=9876545678, dob=2025-01-08, name=user11}
2025-05-01T09:56:43.558+05:30  INFO 11888 --- [demo] [http-nio-8080-exec-6] c.d.demo.DataTransmissionService         : Data transmitted successfully: User ID: 323 -> {address=1234 Elmwood Crescent 2 Avenue, Apartment 21B, East Williamsburg, Brooklyn, New York, NY 11206, United States of America, phone=9876545678, dob=2025-01-08, name=user11}
2025-05-01T09:56:43.559+05:30  INFO 11888 --- [demo] [http-nio-8080-exec-6] com.dissertation.demo.UserDataService    : Transmitted Data: {address=1234 Elmwood Crescent 2 Avenue, Apartment 21B, East Williamsburg, Brooklyn, New York, NY 11206, United States of America, phone=9876545678, dob=2025-01-08, name=user11}
2025-05-01T09:56:43.561+05:30  INFO 11888 --- [demo] [http-nio-8080-exec-6] com.dissertation.demo.UserDataService    : DEBUG: Updated changed field count for 323: 4
2025-05-01T09:56:43.561+05:30  INFO 11888 --- [demo] [http-nio-8080-exec-6] com.dissertation.demo.UserDataService    : User ID: 323
2025-05-01T09:56:43.561+05:30  INFO 11888 --- [demo] [http-nio-8080-exec-6] com.dissertation.demo.UserDataService    : Previous Data: {name=, address=, phone=, dob=, email=user11@gmail.com}
2025-05-01T09:56:43.561+05:30  INFO 11888 --- [demo] [http-nio-8080-exec-6] com.dissertation.demo.UserDataService    : New Data Submitted: {name=user11, email=user11@gmail.com, phone=9876545678, address=1234 Elmwood Crescent 2 Avenue, Apartment 21B, East Williamsburg, Brooklyn, New York, NY 11206, United States of America, dob=2025-01-08}
2025-05-01T09:56:43.561+05:30  INFO 11888 --- [demo] [http-nio-8080-exec-6] com.dissertation.demo.UserDataService    : Changed Fields: {address=1234 Elmwood Crescent 2 Avenue, Apartment 21B, East Williamsburg, Brooklyn, New York, NY 11206, United States of America, phone=9876545678, dob=2025-01-08, name=user11}
2025-05-01T09:56:43.562+05:30  INFO 11888 --- [demo] [http-nio-8080-exec-6] com.dissertation.demo.UserDataService    : Total transmitted data size in KB ::146
2025-05-01T09:56:43.562+05:30  INFO 11888 --- [demo] [http-nio-8080-exec-6] com.dissertation.demo.UserDataService    : Transmitted Data: Only the modified fields --> {address=1234 Elmwood Crescent 2 Avenue, Apartment 21B, East Williamsburg, Brooklyn, New York, NY 11206, United States of America, phone=9876545678, dob=2025-01-08, name=user11}
2025-05-01T09:56:43.562+05:30  INFO 11888 --- [demo] [http-nio-8080-exec-6] com.dissertation.demo.UserDataService    : Modified Fields for 323: address, phone, dob, name
2025-05-01T09:56:43.562+05:30  INFO 11888 --- [demo] [http-nio-8080-exec-6] com.dissertation.demo.UserDataService    : Bandwidth Saved: 32 bytes (compared to full form submission)
2025-05-01T09:56:46.620+05:30  INFO 11888 --- [demo] [http-nio-8080-exec-7] com.dissertation.demo.AdminService       : Network Metrics - Load: 46%, Latency: 4 ms, Throughput: 0.03564453125 KB/s
2025-05-01T09:57:42.403+05:30  INFO 11888 --- [demo] [http-nio-8080-exec-5] com.dissertation.demo.UserUIController   : User ID: 161 - Data Received: {name=Arya user3, email=user3@gmail.com, phone=987678765, address=1234 Elmwood Crescent 2 Avenue, Apartment 21B, East Williamsburg, Brooklyn, New York, NY 11206, United States of America, dob=2024-03-04}
2025-05-01T09:57:42.405+05:30  INFO 11888 --- [demo] [http-nio-8080-exec-5] com.dissertation.demo.UserDataService    : Transmitted Data: {address=1234 Elmwood Crescent 2 Avenue, Apartment 21B, East Williamsburg, Brooklyn, New York, NY 11206, United States of America, phone=900000000, dob=2024-03-04, name=Arya user3, email=user3@gmail.com}
2025-05-01T09:57:42.405+05:30  INFO 11888 --- [demo] [http-nio-8080-exec-5] com.dissertation.demo.UserDataService    : DEBUG: Updated changed field count for 161: 5
2025-05-01T09:57:42.405+05:30  INFO 11888 --- [demo] [http-nio-8080-exec-5] com.dissertation.demo.UserDataService    : User ID: 161
2025-05-01T09:57:42.405+05:30  INFO 11888 --- [demo] [http-nio-8080-exec-5] com.dissertation.demo.UserDataService    : Previous Data: {}
2025-05-01T09:57:42.405+05:30  INFO 11888 --- [demo] [http-nio-8080-exec-5] com.dissertation.demo.UserDataService    : New Data Submitted: {address=1234 Elmwood Crescent 2 Avenue, Apartment 21B, East Williamsburg, Brooklyn, New York, NY 11206, United States of America, phone=900000000, dob=2024-03-04, name=Arya user3, email=user3@gmail.com}
2025-05-01T09:57:42.405+05:30  INFO 11888 --- [demo] [http-nio-8080-exec-5] com.dissertation.demo.UserDataService    : Changed Fields: {address=1234 Elmwood Crescent 2 Avenue, Apartment 21B, East Williamsburg, Brooklyn, New York, NY 11206, United States of America, phone=900000000, dob=2024-03-04, name=Arya user3, email=user3@gmail.com}
2025-05-01T09:57:42.405+05:30  INFO 11888 --- [demo] [http-nio-8080-exec-5] com.dissertation.demo.UserDataService    : Total transmitted data size in KB ::164
2025-05-01T09:57:42.405+05:30  INFO 11888 --- [demo] [http-nio-8080-exec-5] com.dissertation.demo.UserDataService    : Transmitted Data: Only the modified fields --> {address=1234 Elmwood Crescent 2 Avenue, Apartment 21B, East Williamsburg, Brooklyn, New York, NY 11206, United States of America, phone=900000000, dob=2024-03-04, name=Arya user3, email=user3@gmail.com}
2025-05-01T09:57:42.405+05:30  INFO 11888 --- [demo] [http-nio-8080-exec-5] com.dissertation.demo.UserDataService    : Modified Fields for 161: address, phone, dob, name, email
2025-05-01T09:57:42.405+05:30  INFO 11888 --- [demo] [http-nio-8080-exec-5] com.dissertation.demo.UserDataService    : Bandwidth Saved: 178 bytes (compared to full form submission)
2025-05-01T09:57:42.405+05:30  INFO 11888 --- [demo] [http-nio-8080-exec-5] c.d.d.DataModificationDetectionService   : Last Submitted hash value: 7304fd6a9e943bc01126c9fcd60bb7d62610a4bac036cb0aba50ac442afb98f1
2025-05-01T09:57:42.405+05:30  INFO 11888 --- [demo] [http-nio-8080-exec-5] c.d.d.DataModificationDetectionService   : New hash value: 7304fd6a9e943bc01126c9fcd60bb7d62610a4bac036cb0aba50ac442afb98f1
2025-05-01T09:57:42.405+05:30  INFO 11888 --- [demo] [http-nio-8080-exec-5] c.d.d.DataModificationDetectionService   : Last Submitted Data: Arya user3
2025-05-01T09:57:42.405+05:30  INFO 11888 --- [demo] [http-nio-8080-exec-5] c.d.d.DataModificationDetectionService   : Checking field 'name': old='Arya user3', new='Arya user3'
2025-05-01T09:57:42.407+05:30  INFO 11888 --- [demo] [http-nio-8080-exec-5] c.d.d.DataModificationDetectionService   : Last Submitted hash value: 13272ebc99822fe837bbaf0d5a0be884de418312d2c250470c247b60eb3a88f5
2025-05-01T09:57:42.407+05:30  INFO 11888 --- [demo] [http-nio-8080-exec-5] c.d.d.DataModificationDetectionService   : New hash value: 13272ebc99822fe837bbaf0d5a0be884de418312d2c250470c247b60eb3a88f5
2025-05-01T09:57:42.407+05:30  INFO 11888 --- [demo] [http-nio-8080-exec-5] c.d.d.DataModificationDetectionService   : Last Submitted Data: user3@gmail.com
2025-05-01T09:57:42.407+05:30  INFO 11888 --- [demo] [http-nio-8080-exec-5] c.d.d.DataModificationDetectionService   : Checking field 'email': old='user3@gmail.com', new='user3@gmail.com'
2025-05-01T09:57:42.407+05:30  INFO 11888 --- [demo] [http-nio-8080-exec-5] c.d.d.DataModificationDetectionService   : Last Submitted hash value: 8b2210437010c3b0246adf3fa1d14546d725b676827194eb07e36d532357a042
2025-05-01T09:57:42.408+05:30  INFO 11888 --- [demo] [http-nio-8080-exec-5] c.d.d.DataModificationDetectionService   : New hash value: 1311b68d65b1ef9a22664ea6d4510b9062763df06dce26dd05e8a6c57b04a506
2025-05-01T09:57:42.408+05:30  INFO 11888 --- [demo] [http-nio-8080-exec-5] c.d.d.DataModificationDetectionService   : Last Submitted Data: 900000000
2025-05-01T09:57:42.408+05:30  INFO 11888 --- [demo] [http-nio-8080-exec-5] c.d.d.DataModificationDetectionService   : Checking field 'phone': old='900000000', new='987678765'
2025-05-01T09:57:42.408+05:30  INFO 11888 --- [demo] [http-nio-8080-exec-5] c.d.d.DataModificationDetectionService   : Last Submitted hash value: 22b4f87a393c4654b9836961b17945ad0ef9693dacc889bb6357a24f3640d83d
2025-05-01T09:57:42.408+05:30  INFO 11888 --- [demo] [http-nio-8080-exec-5] c.d.d.DataModificationDetectionService   : New hash value: 22b4f87a393c4654b9836961b17945ad0ef9693dacc889bb6357a24f3640d83d
2025-05-01T09:57:42.408+05:30  INFO 11888 --- [demo] [http-nio-8080-exec-5] c.d.d.DataModificationDetectionService   : Last Submitted Data: 1234 Elmwood Crescent 2 Avenue, Apartment 21B, East Williamsburg, Brooklyn, New York, NY 11206, United States of America
2025-05-01T09:57:42.408+05:30  INFO 11888 --- [demo] [http-nio-8080-exec-5] c.d.d.DataModificationDetectionService   : Checking field 'address': old='1234 Elmwood Crescent 2 Avenue, Apartment 21B, East Williamsburg, Brooklyn, New York, NY 11206, United States of America', new='1234 Elmwood Crescent 2 Avenue, Apartment 21B, East Williamsburg, Brooklyn, New York, NY 11206, United States of America'
2025-05-01T09:57:42.409+05:30  INFO 11888 --- [demo] [http-nio-8080-exec-5] c.d.d.DataModificationDetectionService   : Last Submitted hash value: abdc8adcd4f57e1e96b620ccfa389b1198e91f75b161dd7fe5289c7a1e3e9b33
2025-05-01T09:57:42.409+05:30  INFO 11888 --- [demo] [http-nio-8080-exec-5] c.d.d.DataModificationDetectionService   : New hash value: abdc8adcd4f57e1e96b620ccfa389b1198e91f75b161dd7fe5289c7a1e3e9b33
2025-05-01T09:57:42.409+05:30  INFO 11888 --- [demo] [http-nio-8080-exec-5] c.d.d.DataModificationDetectionService   : Last Submitted Data: 2024-03-04
2025-05-01T09:57:42.409+05:30  INFO 11888 --- [demo] [http-nio-8080-exec-5] c.d.d.DataModificationDetectionService   : Checking field 'dob': old='2024-03-04', new='2024-03-04'
2025-05-01T09:57:42.409+05:30  INFO 11888 --- [demo] [http-nio-8080-exec-5] c.d.demo.DataTransmissionService         : Transmitting data: User ID: 161 -> {phone=987678765}
2025-05-01T09:57:42.923+05:30  INFO 11888 --- [demo] [http-nio-8080-exec-5] c.d.demo.DataTransmissionService         : Data transmitted successfully: User ID: 161 -> {phone=987678765}
2025-05-01T09:57:42.923+05:30  INFO 11888 --- [demo] [http-nio-8080-exec-5] com.dissertation.demo.UserDataService    : Transmitted Data: {phone=987678765}
2025-05-01T09:57:42.923+05:30  INFO 11888 --- [demo] [http-nio-8080-exec-5] com.dissertation.demo.UserDataService    : DEBUG: Updated changed field count for 161: 1
2025-05-01T09:57:42.923+05:30  INFO 11888 --- [demo] [http-nio-8080-exec-5] com.dissertation.demo.UserDataService    : User ID: 161
2025-05-01T09:57:42.923+05:30  INFO 11888 --- [demo] [http-nio-8080-exec-5] com.dissertation.demo.UserDataService    : Previous Data: {name=Arya user3, address=1234 Elmwood Crescent 2 Avenue, Apartment 21B, East Williamsburg, Brooklyn, New York, NY 11206, United States of America, phone=900000000, dob=2024-03-04, email=user3@gmail.com}
2025-05-01T09:57:42.923+05:30  INFO 11888 --- [demo] [http-nio-8080-exec-5] com.dissertation.demo.UserDataService    : New Data Submitted: {name=Arya user3, email=user3@gmail.com, phone=987678765, address=1234 Elmwood Crescent 2 Avenue, Apartment 21B, East Williamsburg, Brooklyn, New York, NY 11206, United States of America, dob=2024-03-04}
2025-05-01T09:57:42.923+05:30  INFO 11888 --- [demo] [http-nio-8080-exec-5] com.dissertation.demo.UserDataService    : Changed Fields: {phone=987678765}
2025-05-01T09:57:42.923+05:30  INFO 11888 --- [demo] [http-nio-8080-exec-5] com.dissertation.demo.UserDataService    : Total transmitted data size in KB ::9
2025-05-01T09:57:42.923+05:30  INFO 11888 --- [demo] [http-nio-8080-exec-5] com.dissertation.demo.UserDataService    : Transmitted Data: Only the modified fields --> {phone=987678765}
2025-05-01T09:57:42.923+05:30  INFO 11888 --- [demo] [http-nio-8080-exec-5] com.dissertation.demo.UserDataService    : Modified Fields for 161: phone
2025-05-01T09:57:42.923+05:30  INFO 11888 --- [demo] [http-nio-8080-exec-5] com.dissertation.demo.UserDataService    : Bandwidth Saved: 497 bytes (compared to full form submission)
2025-05-01T09:57:45.734+05:30  INFO 11888 --- [demo] [http-nio-8080-exec-6] com.dissertation.demo.AdminService       : Network Metrics - Load: 9%, Latency: 0 ms, Throughput: 0.0 KB/s
2025-05-01T09:58:21.003+05:30  INFO 11888 --- [demo] [http-nio-8080-exec-7] com.dissertation.demo.UserUIController   : User ID: 161 - Data Received: {name=Arya user3, email=user3@gmail.com, phone=987678765, address=1234 Elmwood Crescent 2 Avenue, Apartment 21B, East Williamsburg, Brooklyn, New York, NY 11206, United States of America, dob=2024-03-04}
2025-05-01T09:58:21.006+05:30  INFO 11888 --- [demo] [http-nio-8080-exec-7] c.d.d.DataModificationDetectionService   : Last Submitted hash value: 7304fd6a9e943bc01126c9fcd60bb7d62610a4bac036cb0aba50ac442afb98f1
2025-05-01T09:58:21.007+05:30  INFO 11888 --- [demo] [http-nio-8080-exec-7] c.d.d.DataModificationDetectionService   : New hash value: 7304fd6a9e943bc01126c9fcd60bb7d62610a4bac036cb0aba50ac442afb98f1
2025-05-01T09:58:21.007+05:30  INFO 11888 --- [demo] [http-nio-8080-exec-7] c.d.d.DataModificationDetectionService   : Last Submitted Data: Arya user3
2025-05-01T09:58:21.007+05:30  INFO 11888 --- [demo] [http-nio-8080-exec-7] c.d.d.DataModificationDetectionService   : Checking field 'name': old='Arya user3', new='Arya user3'
2025-05-01T09:58:21.008+05:30  INFO 11888 --- [demo] [http-nio-8080-exec-7] c.d.d.DataModificationDetectionService   : Last Submitted hash value: 13272ebc99822fe837bbaf0d5a0be884de418312d2c250470c247b60eb3a88f5
2025-05-01T09:58:21.009+05:30  INFO 11888 --- [demo] [http-nio-8080-exec-7] c.d.d.DataModificationDetectionService   : New hash value: 13272ebc99822fe837bbaf0d5a0be884de418312d2c250470c247b60eb3a88f5
2025-05-01T09:58:21.009+05:30  INFO 11888 --- [demo] [http-nio-8080-exec-7] c.d.d.DataModificationDetectionService   : Last Submitted Data: user3@gmail.com
2025-05-01T09:58:21.009+05:30  INFO 11888 --- [demo] [http-nio-8080-exec-7] c.d.d.DataModificationDetectionService   : Checking field 'email': old='user3@gmail.com', new='user3@gmail.com'
2025-05-01T09:58:21.010+05:30  INFO 11888 --- [demo] [http-nio-8080-exec-7] c.d.d.DataModificationDetectionService   : Last Submitted hash value: 1311b68d65b1ef9a22664ea6d4510b9062763df06dce26dd05e8a6c57b04a506
2025-05-01T09:58:21.010+05:30  INFO 11888 --- [demo] [http-nio-8080-exec-7] c.d.d.DataModificationDetectionService   : New hash value: 1311b68d65b1ef9a22664ea6d4510b9062763df06dce26dd05e8a6c57b04a506
2025-05-01T09:58:21.010+05:30  INFO 11888 --- [demo] [http-nio-8080-exec-7] c.d.d.DataModificationDetectionService   : Last Submitted Data: 987678765
2025-05-01T09:58:21.010+05:30  INFO 11888 --- [demo] [http-nio-8080-exec-7] c.d.d.DataModificationDetectionService   : Checking field 'phone': old='987678765', new='987678765'
2025-05-01T09:58:21.011+05:30  INFO 11888 --- [demo] [http-nio-8080-exec-7] c.d.d.DataModificationDetectionService   : Last Submitted hash value: 22b4f87a393c4654b9836961b17945ad0ef9693dacc889bb6357a24f3640d83d
2025-05-01T09:58:21.011+05:30  INFO 11888 --- [demo] [http-nio-8080-exec-7] c.d.d.DataModificationDetectionService   : New hash value: 22b4f87a393c4654b9836961b17945ad0ef9693dacc889bb6357a24f3640d83d
2025-05-01T09:58:21.011+05:30  INFO 11888 --- [demo] [http-nio-8080-exec-7] c.d.d.DataModificationDetectionService   : Last Submitted Data: 1234 Elmwood Crescent 2 Avenue, Apartment 21B, East Williamsburg, Brooklyn, New York, NY 11206, United States of America
2025-05-01T09:58:21.011+05:30  INFO 11888 --- [demo] [http-nio-8080-exec-7] c.d.d.DataModificationDetectionService   : Checking field 'address': old='1234 Elmwood Crescent 2 Avenue, Apartment 21B, East Williamsburg, Brooklyn, New York, NY 11206, United States of America', new='1234 Elmwood Crescent 2 Avenue, Apartment 21B, East Williamsburg, Brooklyn, New York, NY 11206, United States of America'
2025-05-01T09:58:21.012+05:30  INFO 11888 --- [demo] [http-nio-8080-exec-7] c.d.d.DataModificationDetectionService   : Last Submitted hash value: abdc8adcd4f57e1e96b620ccfa389b1198e91f75b161dd7fe5289c7a1e3e9b33
2025-05-01T09:58:21.012+05:30  INFO 11888 --- [demo] [http-nio-8080-exec-7] c.d.d.DataModificationDetectionService   : New hash value: abdc8adcd4f57e1e96b620ccfa389b1198e91f75b161dd7fe5289c7a1e3e9b33
2025-05-01T09:58:21.012+05:30  INFO 11888 --- [demo] [http-nio-8080-exec-7] c.d.d.DataModificationDetectionService   : Last Submitted Data: 2024-03-04
2025-05-01T09:58:21.012+05:30  INFO 11888 --- [demo] [http-nio-8080-exec-7] c.d.d.DataModificationDetectionService   : Checking field 'dob': old='2024-03-04', new='2024-03-04'
2025-05-01T09:58:21.013+05:30  INFO 11888 --- [demo] [http-nio-8080-exec-7] com.dissertation.demo.UserDataService    : Transmitted Data: {}
2025-05-01T09:58:21.013+05:30  INFO 11888 --- [demo] [http-nio-8080-exec-7] com.dissertation.demo.UserDataService    : DEBUG: Updated changed field count for 161: 0
2025-05-01T09:58:21.013+05:30  INFO 11888 --- [demo] [http-nio-8080-exec-7] com.dissertation.demo.UserDataService    : User ID: 161
2025-05-01T09:58:21.013+05:30  INFO 11888 --- [demo] [http-nio-8080-exec-7] com.dissertation.demo.UserDataService    : Previous Data: {name=Arya user3, address=1234 Elmwood Crescent 2 Avenue, Apartment 21B, East Williamsburg, Brooklyn, New York, NY 11206, United States of America, phone=987678765, email=user3@gmail.com, dob=2024-03-04}
2025-05-01T09:58:21.013+05:30  INFO 11888 --- [demo] [http-nio-8080-exec-7] com.dissertation.demo.UserDataService    : New Data Submitted: {name=Arya user3, email=user3@gmail.com, phone=987678765, address=1234 Elmwood Crescent 2 Avenue, Apartment 21B, East Williamsburg, Brooklyn, New York, NY 11206, United States of America, dob=2024-03-04}
2025-05-01T09:58:21.013+05:30  INFO 11888 --- [demo] [http-nio-8080-exec-7] com.dissertation.demo.UserDataService    : Changed Fields: {}
2025-05-01T09:58:21.013+05:30  INFO 11888 --- [demo] [http-nio-8080-exec-7] com.dissertation.demo.UserDataService    : Total transmitted data size in KB ::0
2025-05-01T09:58:21.013+05:30  INFO 11888 --- [demo] [http-nio-8080-exec-7] com.dissertation.demo.UserDataService    : No changes detected. No data transmitted.
2025-05-01T09:58:21.013+05:30  INFO 11888 --- [demo] [http-nio-8080-exec-7] com.dissertation.demo.UserDataService    : Bandwidth Saved: 670 bytes (compared to full form submission)
2025-05-01T09:58:21.014+05:30  INFO 11888 --- [demo] [http-nio-8080-exec-7] com.dissertation.demo.UserUIController   : No changes detected
2025-05-01T09:58:26.484+05:30  INFO 11888 --- [demo] [http-nio-8080-exec-8] com.dissertation.demo.AdminService       : Network Metrics - Load: 0%, Latency: 0 ms, Throughput: 0.0 KB/s
2025-05-01T09:59:06.417+05:30  INFO 11888 --- [demo] [http-nio-8080-exec-10] com.dissertation.demo.AdminService       : Network Metrics - Load: 0%, Latency: 0 ms, Throughput: 0.0 KB/s
